// Vitest Snapshot v1, https://vitest.dev/guide/snapshot.html

exports[`Source.default > should create a default import source 1`] = `Promise {}`;

exports[`Source.default > should create a default import source with alias 1`] = `Promise {}`;

exports[`Source.default > should create a type default import source 1`] = `Promise {}`;

exports[`Source.default > should create a type default import source with alias 1`] = `Promise {}`;
