// Vitest Snapshot v1, https://vitest.dev/guide/snapshot.html

exports[`Source.exports > should retrieve exports from external module 1`] = `
[
  {
    "alias": "",
    "dirPath": "/Users/michael/Development/barrels/node_modules/tsconfck/src",
    "export": {
      "from": {
        "allowImportingTsExtensions": undefined,
        "dirPath": "/Users/michael/Development/barrels/node_modules/tsconfck/src",
        "extName": "js",
        "fileName": "./find.js",
        "filePath": "/Users/michael/Development/barrels/node_modules/tsconfck/src/find.js",
        "isExternal": true,
        "moduleResolution": undefined,
        "tsconfigPath": "",
      },
      "identifier": "find",
      "isType": false,
      "type": "Named",
    },
    "extName": "js",
    "isType": false,
    "module": {
      "allowImportingTsExtensions": undefined,
      "dirPath": "/Users/michael/Development/barrels/node_modules/tsconfck/src",
      "extName": "js",
      "fileName": "tsconfck",
      "filePath": "/Users/michael/Development/barrels/node_modules/tsconfck/src/index.js",
      "isExternal": true,
      "moduleResolution": "bundler",
      "tsconfigPath": "/Users/michael/Development/barrels/tsconfig.json",
    },
  },
  {
    "alias": "",
    "dirPath": "/Users/michael/Development/barrels/node_modules/tsconfck/src",
    "export": {
      "from": {
        "allowImportingTsExtensions": undefined,
        "dirPath": "/Users/michael/Development/barrels/node_modules/tsconfck/src",
        "extName": "js",
        "fileName": "./find-all.js",
        "filePath": "/Users/michael/Development/barrels/node_modules/tsconfck/src/find-all.js",
        "isExternal": true,
        "moduleResolution": undefined,
        "tsconfigPath": "",
      },
      "identifier": "findAll",
      "isType": false,
      "type": "Named",
    },
    "extName": "js",
    "isType": false,
    "module": {
      "allowImportingTsExtensions": undefined,
      "dirPath": "/Users/michael/Development/barrels/node_modules/tsconfck/src",
      "extName": "js",
      "fileName": "tsconfck",
      "filePath": "/Users/michael/Development/barrels/node_modules/tsconfck/src/index.js",
      "isExternal": true,
      "moduleResolution": "bundler",
      "tsconfigPath": "/Users/michael/Development/barrels/tsconfig.json",
    },
  },
  {
    "alias": "",
    "dirPath": "/Users/michael/Development/barrels/node_modules/tsconfck/src",
    "export": {
      "from": {
        "allowImportingTsExtensions": undefined,
        "dirPath": "/Users/michael/Development/barrels/node_modules/tsconfck/src",
        "extName": "js",
        "fileName": "./to-json.js",
        "filePath": "/Users/michael/Development/barrels/node_modules/tsconfck/src/to-json.js",
        "isExternal": true,
        "moduleResolution": undefined,
        "tsconfigPath": "",
      },
      "identifier": "toJson",
      "isType": false,
      "type": "Named",
    },
    "extName": "js",
    "isType": false,
    "module": {
      "allowImportingTsExtensions": undefined,
      "dirPath": "/Users/michael/Development/barrels/node_modules/tsconfck/src",
      "extName": "js",
      "fileName": "tsconfck",
      "filePath": "/Users/michael/Development/barrels/node_modules/tsconfck/src/index.js",
      "isExternal": true,
      "moduleResolution": "bundler",
      "tsconfigPath": "/Users/michael/Development/barrels/tsconfig.json",
    },
  },
  {
    "alias": "",
    "dirPath": "/Users/michael/Development/barrels/node_modules/tsconfck/src",
    "export": {
      "from": {
        "allowImportingTsExtensions": undefined,
        "dirPath": "/Users/michael/Development/barrels/node_modules/tsconfck/src",
        "extName": "js",
        "fileName": "./parse.js",
        "filePath": "/Users/michael/Development/barrels/node_modules/tsconfck/src/parse.js",
        "isExternal": true,
        "moduleResolution": undefined,
        "tsconfigPath": "",
      },
      "identifier": "parse",
      "isType": false,
      "type": "Named",
    },
    "extName": "js",
    "isType": false,
    "module": {
      "allowImportingTsExtensions": undefined,
      "dirPath": "/Users/michael/Development/barrels/node_modules/tsconfck/src",
      "extName": "js",
      "fileName": "tsconfck",
      "filePath": "/Users/michael/Development/barrels/node_modules/tsconfck/src/index.js",
      "isExternal": true,
      "moduleResolution": "bundler",
      "tsconfigPath": "/Users/michael/Development/barrels/tsconfig.json",
    },
  },
  {
    "alias": "",
    "dirPath": "/Users/michael/Development/barrels/node_modules/tsconfck/src",
    "export": {
      "from": {
        "allowImportingTsExtensions": undefined,
        "dirPath": "/Users/michael/Development/barrels/node_modules/tsconfck/src",
        "extName": "js",
        "fileName": "./parse.js",
        "filePath": "/Users/michael/Development/barrels/node_modules/tsconfck/src/parse.js",
        "isExternal": true,
        "moduleResolution": undefined,
        "tsconfigPath": "",
      },
      "identifier": "TSConfckParseError",
      "isType": false,
      "type": "Named",
    },
    "extName": "js",
    "isType": false,
    "module": {
      "allowImportingTsExtensions": undefined,
      "dirPath": "/Users/michael/Development/barrels/node_modules/tsconfck/src",
      "extName": "js",
      "fileName": "tsconfck",
      "filePath": "/Users/michael/Development/barrels/node_modules/tsconfck/src/index.js",
      "isExternal": true,
      "moduleResolution": "bundler",
      "tsconfigPath": "/Users/michael/Development/barrels/tsconfig.json",
    },
  },
  {
    "alias": "",
    "dirPath": "/Users/michael/Development/barrels/node_modules/tsconfck/src",
    "export": {
      "from": {
        "allowImportingTsExtensions": undefined,
        "dirPath": "/Users/michael/Development/barrels/node_modules/tsconfck/src",
        "extName": "js",
        "fileName": "./find-native.js",
        "filePath": "/Users/michael/Development/barrels/node_modules/tsconfck/src/find-native.js",
        "isExternal": true,
        "moduleResolution": undefined,
        "tsconfigPath": "",
      },
      "identifier": "findNative",
      "isType": false,
      "type": "Named",
    },
    "extName": "js",
    "isType": false,
    "module": {
      "allowImportingTsExtensions": undefined,
      "dirPath": "/Users/michael/Development/barrels/node_modules/tsconfck/src",
      "extName": "js",
      "fileName": "tsconfck",
      "filePath": "/Users/michael/Development/barrels/node_modules/tsconfck/src/index.js",
      "isExternal": true,
      "moduleResolution": "bundler",
      "tsconfigPath": "/Users/michael/Development/barrels/tsconfig.json",
    },
  },
  {
    "alias": "",
    "dirPath": "/Users/michael/Development/barrels/node_modules/tsconfck/src",
    "export": {
      "from": {
        "allowImportingTsExtensions": undefined,
        "dirPath": "/Users/michael/Development/barrels/node_modules/tsconfck/src",
        "extName": "js",
        "fileName": "./parse-native.js",
        "filePath": "/Users/michael/Development/barrels/node_modules/tsconfck/src/parse-native.js",
        "isExternal": true,
        "moduleResolution": undefined,
        "tsconfigPath": "",
      },
      "identifier": "parseNative",
      "isType": false,
      "type": "Named",
    },
    "extName": "js",
    "isType": false,
    "module": {
      "allowImportingTsExtensions": undefined,
      "dirPath": "/Users/michael/Development/barrels/node_modules/tsconfck/src",
      "extName": "js",
      "fileName": "tsconfck",
      "filePath": "/Users/michael/Development/barrels/node_modules/tsconfck/src/index.js",
      "isExternal": true,
      "moduleResolution": "bundler",
      "tsconfigPath": "/Users/michael/Development/barrels/tsconfig.json",
    },
  },
  {
    "alias": "",
    "dirPath": "/Users/michael/Development/barrels/node_modules/tsconfck/src",
    "export": {
      "from": {
        "allowImportingTsExtensions": undefined,
        "dirPath": "/Users/michael/Development/barrels/node_modules/tsconfck/src",
        "extName": "js",
        "fileName": "./parse-native.js",
        "filePath": "/Users/michael/Development/barrels/node_modules/tsconfck/src/parse-native.js",
        "isExternal": true,
        "moduleResolution": undefined,
        "tsconfigPath": "",
      },
      "identifier": "TSConfckParseNativeError",
      "isType": false,
      "type": "Named",
    },
    "extName": "js",
    "isType": false,
    "module": {
      "allowImportingTsExtensions": undefined,
      "dirPath": "/Users/michael/Development/barrels/node_modules/tsconfck/src",
      "extName": "js",
      "fileName": "tsconfck",
      "filePath": "/Users/michael/Development/barrels/node_modules/tsconfck/src/index.js",
      "isExternal": true,
      "moduleResolution": "bundler",
      "tsconfigPath": "/Users/michael/Development/barrels/tsconfig.json",
    },
  },
  {
    "alias": "",
    "dirPath": "/Users/michael/Development/barrels/node_modules/tsconfck/src",
    "export": {
      "from": {
        "allowImportingTsExtensions": undefined,
        "dirPath": "/Users/michael/Development/barrels/node_modules/tsconfck/src",
        "extName": "js",
        "fileName": "./cache.js",
        "filePath": "/Users/michael/Development/barrels/node_modules/tsconfck/src/cache.js",
        "isExternal": true,
        "moduleResolution": undefined,
        "tsconfigPath": "",
      },
      "identifier": "TSConfckCache",
      "isType": false,
      "type": "Named",
    },
    "extName": "js",
    "isType": false,
    "module": {
      "allowImportingTsExtensions": undefined,
      "dirPath": "/Users/michael/Development/barrels/node_modules/tsconfck/src",
      "extName": "js",
      "fileName": "tsconfck",
      "filePath": "/Users/michael/Development/barrels/node_modules/tsconfck/src/index.js",
      "isExternal": true,
      "moduleResolution": "bundler",
      "tsconfigPath": "/Users/michael/Development/barrels/tsconfig.json",
    },
  },
]
`;

exports[`Source.exports > should retrieve exports from local module 1`] = `
[
  {
    "alias": "",
    "dirPath": "/Users/michael/Development/barrels/packages/barrels/tests/__fixtures__",
    "export": {
      "identifier": "",
      "isType": false,
      "type": "Default",
    },
    "extName": "ts",
    "isType": false,
    "module": {
      "allowImportingTsExtensions": undefined,
      "dirPath": "/Users/michael/Development/barrels/packages/barrels/tests/__fixtures__",
      "extName": "ts",
      "fileName": "exports",
      "filePath": "/Users/michael/Development/barrels/packages/barrels/tests/__fixtures__/exports.ts",
      "isExternal": false,
      "moduleResolution": "bundler",
      "tsconfigPath": "/Users/michael/Development/barrels/packages/barrels/tests/__fixtures__/tsconfig.json",
    },
  },
  {
    "alias": "",
    "dirPath": "/Users/michael/Development/barrels/packages/barrels/tests/__fixtures__",
    "export": {
      "identifier": "A",
      "isType": false,
      "type": "Named",
    },
    "extName": "ts",
    "isType": false,
    "module": {
      "allowImportingTsExtensions": undefined,
      "dirPath": "/Users/michael/Development/barrels/packages/barrels/tests/__fixtures__",
      "extName": "ts",
      "fileName": "exports",
      "filePath": "/Users/michael/Development/barrels/packages/barrels/tests/__fixtures__/exports.ts",
      "isExternal": false,
      "moduleResolution": "bundler",
      "tsconfigPath": "/Users/michael/Development/barrels/packages/barrels/tests/__fixtures__/tsconfig.json",
    },
  },
  {
    "alias": "",
    "dirPath": "/Users/michael/Development/barrels/packages/barrels/tests/__fixtures__",
    "export": {
      "identifier": "B",
      "isType": false,
      "type": "Named",
    },
    "extName": "ts",
    "isType": false,
    "module": {
      "allowImportingTsExtensions": undefined,
      "dirPath": "/Users/michael/Development/barrels/packages/barrels/tests/__fixtures__",
      "extName": "ts",
      "fileName": "exports",
      "filePath": "/Users/michael/Development/barrels/packages/barrels/tests/__fixtures__/exports.ts",
      "isExternal": false,
      "moduleResolution": "bundler",
      "tsconfigPath": "/Users/michael/Development/barrels/packages/barrels/tests/__fixtures__/tsconfig.json",
    },
  },
  {
    "alias": "",
    "dirPath": "/Users/michael/Development/barrels/packages/barrels/tests/__fixtures__",
    "export": {
      "identifier": "C",
      "isType": false,
      "type": "Named",
    },
    "extName": "ts",
    "isType": false,
    "module": {
      "allowImportingTsExtensions": undefined,
      "dirPath": "/Users/michael/Development/barrels/packages/barrels/tests/__fixtures__",
      "extName": "ts",
      "fileName": "exports",
      "filePath": "/Users/michael/Development/barrels/packages/barrels/tests/__fixtures__/exports.ts",
      "isExternal": false,
      "moduleResolution": "bundler",
      "tsconfigPath": "/Users/michael/Development/barrels/packages/barrels/tests/__fixtures__/tsconfig.json",
    },
  },
  {
    "alias": "",
    "dirPath": "/Users/michael/Development/barrels/packages/barrels/tests/__fixtures__",
    "export": {
      "identifier": "D",
      "isType": false,
      "type": "Named",
    },
    "extName": "ts",
    "isType": false,
    "module": {
      "allowImportingTsExtensions": undefined,
      "dirPath": "/Users/michael/Development/barrels/packages/barrels/tests/__fixtures__",
      "extName": "ts",
      "fileName": "exports",
      "filePath": "/Users/michael/Development/barrels/packages/barrels/tests/__fixtures__/exports.ts",
      "isExternal": false,
      "moduleResolution": "bundler",
      "tsconfigPath": "/Users/michael/Development/barrels/packages/barrels/tests/__fixtures__/tsconfig.json",
    },
  },
  {
    "alias": "",
    "dirPath": "/Users/michael/Development/barrels/packages/barrels/tests/__fixtures__",
    "export": {
      "identifier": "E",
      "isType": true,
      "type": "Named",
    },
    "extName": "ts",
    "isType": false,
    "module": {
      "allowImportingTsExtensions": undefined,
      "dirPath": "/Users/michael/Development/barrels/packages/barrels/tests/__fixtures__",
      "extName": "ts",
      "fileName": "exports",
      "filePath": "/Users/michael/Development/barrels/packages/barrels/tests/__fixtures__/exports.ts",
      "isExternal": false,
      "moduleResolution": "bundler",
      "tsconfigPath": "/Users/michael/Development/barrels/packages/barrels/tests/__fixtures__/tsconfig.json",
    },
  },
  {
    "alias": "",
    "dirPath": "/Users/michael/Development/barrels/packages/barrels/tests/__fixtures__",
    "export": {
      "identifier": "F",
      "isType": true,
      "type": "Named",
    },
    "extName": "ts",
    "isType": false,
    "module": {
      "allowImportingTsExtensions": undefined,
      "dirPath": "/Users/michael/Development/barrels/packages/barrels/tests/__fixtures__",
      "extName": "ts",
      "fileName": "exports",
      "filePath": "/Users/michael/Development/barrels/packages/barrels/tests/__fixtures__/exports.ts",
      "isExternal": false,
      "moduleResolution": "bundler",
      "tsconfigPath": "/Users/michael/Development/barrels/packages/barrels/tests/__fixtures__/tsconfig.json",
    },
  },
]
`;
