// Vitest Snapshot v1, https://vitest.dev/guide/snapshot.html

exports[`Source.file > should not resolve built-in modules 1`] = `undefined`;

exports[`Source.file > should resolve absolute absolute paths 1`] = `
{
  "alias": "",
  "dirPath": "/Users/michael/Development/barrels/packages/barrels/tests/__fixtures__",
  "extName": "ts",
  "isType": false,
  "module": {
    "allowImportingTsExtensions": undefined,
    "dirPath": "/Users/michael/Development/barrels/packages/barrels/tests/__fixtures__",
    "extName": "ts",
    "fileName": "exports",
    "filePath": "/Users/michael/Development/barrels/packages/barrels/tests/__fixtures__/exports.ts",
    "isExternal": false,
    "moduleResolution": "bundler",
    "tsconfigPath": "/Users/michael/Development/barrels/packages/barrels/tests/__fixtures__/tsconfig.json",
  },
}
`;

exports[`Source.file > should resolve external modules 1`] = `
{
  "alias": "",
  "dirPath": "/Users/michael/Development/barrels/node_modules/tsconfck/src",
  "extName": "js",
  "isType": false,
  "module": {
    "allowImportingTsExtensions": undefined,
    "dirPath": "/Users/michael/Development/barrels/node_modules/tsconfck/src",
    "extName": "js",
    "fileName": "tsconfck",
    "filePath": "/Users/michael/Development/barrels/node_modules/tsconfck/src/index.js",
    "isExternal": true,
    "moduleResolution": "bundler",
    "tsconfigPath": "/Users/michael/Development/barrels/tsconfig.json",
  },
}
`;

exports[`Source.file > should resolve relative relative paths (2) 1`] = `
{
  "alias": "",
  "dirPath": "/Users/michael/Development/barrels/packages/barrels/tests/__fixtures__",
  "extName": "ts",
  "isType": false,
  "module": {
    "allowImportingTsExtensions": undefined,
    "dirPath": "/Users/michael/Development/barrels/packages/barrels/tests/__fixtures__",
    "extName": "ts",
    "fileName": "exports",
    "filePath": "/Users/michael/Development/barrels/packages/barrels/tests/__fixtures__/exports.ts",
    "isExternal": false,
    "moduleResolution": "bundler",
    "tsconfigPath": "/Users/michael/Development/barrels/packages/barrels/tests/__fixtures__/tsconfig.json",
  },
}
`;

exports[`Source.file > should resolve relative relative paths 1`] = `
{
  "alias": "",
  "dirPath": "/Users/michael/Development/barrels/packages/barrels/tests/__fixtures__",
  "extName": "ts",
  "isType": false,
  "module": {
    "allowImportingTsExtensions": undefined,
    "dirPath": "/Users/michael/Development/barrels/packages/barrels/tests/__fixtures__",
    "extName": "ts",
    "fileName": "exports",
    "filePath": "/Users/michael/Development/barrels/packages/barrels/tests/__fixtures__/exports.ts",
    "isExternal": false,
    "moduleResolution": "bundler",
    "tsconfigPath": "/Users/michael/Development/barrels/packages/barrels/tests/__fixtures__/tsconfig.json",
  },
}
`;
