// Vitest Snapshot v1, https://vitest.dev/guide/snapshot.html

exports[`Source.files > should return file sources based on file paths 1`] = `
[
  {
    "alias": "",
    "dirPath": "/Users/michael/Development/barrels/packages/barrels/tests/__fixtures__",
    "extName": "ts",
    "isType": false,
    "module": {
      "allowImportingTsExtensions": undefined,
      "dirPath": "/Users/michael/Development/barrels/packages/barrels/tests/__fixtures__",
      "extName": "ts",
      "fileName": "exports",
      "filePath": "/Users/michael/Development/barrels/packages/barrels/tests/__fixtures__/exports.ts",
      "isExternal": false,
      "moduleResolution": "bundler",
      "tsconfigPath": "/Users/michael/Development/barrels/packages/barrels/tests/__fixtures__/tsconfig.json",
    },
  },
  {
    "alias": "",
    "dirPath": "/Users/michael/Development/barrels/packages/barrels/tests/__fixtures__",
    "extName": "ts",
    "isType": false,
    "module": {
      "allowImportingTsExtensions": undefined,
      "dirPath": "/Users/michael/Development/barrels/packages/barrels/tests/__fixtures__",
      "extName": "ts",
      "fileName": "wildcard",
      "filePath": "/Users/michael/Development/barrels/packages/barrels/tests/__fixtures__/wildcard.ts",
      "isExternal": false,
      "moduleResolution": "bundler",
      "tsconfigPath": "/Users/michael/Development/barrels/packages/barrels/tests/__fixtures__/tsconfig.json",
    },
  },
]
`;

exports[`Source.files > should return file sources based on globs (2) 1`] = `
[
  {
    "alias": "",
    "dirPath": "/Users/michael/Development/barrels/packages/barrels/src",
    "extName": "ts",
    "isType": false,
    "module": {
      "allowImportingTsExtensions": undefined,
      "dirPath": "/Users/michael/Development/barrels/packages/barrels/src",
      "extName": "ts",
      "fileName": "Barrel",
      "filePath": "/Users/michael/Development/barrels/packages/barrels/src/Barrel.ts",
      "isExternal": false,
      "moduleResolution": "bundler",
      "tsconfigPath": "/Users/michael/Development/barrels/packages/barrels/tsconfig.json",
    },
  },
  {
    "alias": "",
    "dirPath": "/Users/michael/Development/barrels/packages/barrels/src",
    "extName": "ts",
    "isType": false,
    "module": {
      "allowImportingTsExtensions": undefined,
      "dirPath": "/Users/michael/Development/barrels/packages/barrels/src",
      "extName": "ts",
      "fileName": "Source",
      "filePath": "/Users/michael/Development/barrels/packages/barrels/src/Source.ts",
      "isExternal": false,
      "moduleResolution": "bundler",
      "tsconfigPath": "/Users/michael/Development/barrels/packages/barrels/tsconfig.json",
    },
  },
  {
    "alias": "",
    "dirPath": "/Users/michael/Development/barrels/packages/barrels/src",
    "extName": "ts",
    "isType": false,
    "module": {
      "allowImportingTsExtensions": undefined,
      "dirPath": "/Users/michael/Development/barrels/packages/barrels/src",
      "extName": "ts",
      "fileName": "SourceModule",
      "filePath": "/Users/michael/Development/barrels/packages/barrels/src/SourceModule.ts",
      "isExternal": false,
      "moduleResolution": "bundler",
      "tsconfigPath": "/Users/michael/Development/barrels/packages/barrels/tsconfig.json",
    },
  },
  {
    "alias": "",
    "dirPath": "/Users/michael/Development/barrels/packages/barrels/src",
    "extName": "ts",
    "isType": false,
    "module": {
      "allowImportingTsExtensions": undefined,
      "dirPath": "/Users/michael/Development/barrels/packages/barrels/src",
      "extName": "ts",
      "fileName": "defineConfig",
      "filePath": "/Users/michael/Development/barrels/packages/barrels/src/defineConfig.ts",
      "isExternal": false,
      "moduleResolution": "bundler",
      "tsconfigPath": "/Users/michael/Development/barrels/packages/barrels/tsconfig.json",
    },
  },
  {
    "alias": "",
    "dirPath": "/Users/michael/Development/barrels/packages/barrels/src",
    "extName": "ts",
    "isType": false,
    "module": {
      "allowImportingTsExtensions": undefined,
      "dirPath": "/Users/michael/Development/barrels/packages/barrels/src",
      "extName": "ts",
      "fileName": "index",
      "filePath": "/Users/michael/Development/barrels/packages/barrels/src/index.ts",
      "isExternal": false,
      "moduleResolution": "bundler",
      "tsconfigPath": "/Users/michael/Development/barrels/packages/barrels/tsconfig.json",
    },
  },
  {
    "alias": "",
    "dirPath": "/Users/michael/Development/barrels/packages/barrels/src",
    "extName": "ts",
    "isType": false,
    "module": {
      "allowImportingTsExtensions": undefined,
      "dirPath": "/Users/michael/Development/barrels/packages/barrels/src",
      "extName": "ts",
      "fileName": "types",
      "filePath": "/Users/michael/Development/barrels/packages/barrels/src/types.ts",
      "isExternal": false,
      "moduleResolution": "bundler",
      "tsconfigPath": "/Users/michael/Development/barrels/packages/barrels/tsconfig.json",
    },
  },
]
`;

exports[`Source.files > should return file sources based on globs 1`] = `
[
  {
    "alias": "",
    "dirPath": "/Users/michael/Development/barrels/packages/barrels/src",
    "extName": "ts",
    "isType": false,
    "module": {
      "allowImportingTsExtensions": undefined,
      "dirPath": "/Users/michael/Development/barrels/packages/barrels/src",
      "extName": "ts",
      "fileName": "Barrel",
      "filePath": "/Users/michael/Development/barrels/packages/barrels/src/Barrel.ts",
      "isExternal": false,
      "moduleResolution": "bundler",
      "tsconfigPath": "/Users/michael/Development/barrels/packages/barrels/tsconfig.json",
    },
  },
  {
    "alias": "",
    "dirPath": "/Users/michael/Development/barrels/packages/barrels/src",
    "extName": "ts",
    "isType": false,
    "module": {
      "allowImportingTsExtensions": undefined,
      "dirPath": "/Users/michael/Development/barrels/packages/barrels/src",
      "extName": "ts",
      "fileName": "Source",
      "filePath": "/Users/michael/Development/barrels/packages/barrels/src/Source.ts",
      "isExternal": false,
      "moduleResolution": "bundler",
      "tsconfigPath": "/Users/michael/Development/barrels/packages/barrels/tsconfig.json",
    },
  },
  {
    "alias": "",
    "dirPath": "/Users/michael/Development/barrels/packages/barrels/src",
    "extName": "ts",
    "isType": false,
    "module": {
      "allowImportingTsExtensions": undefined,
      "dirPath": "/Users/michael/Development/barrels/packages/barrels/src",
      "extName": "ts",
      "fileName": "SourceModule",
      "filePath": "/Users/michael/Development/barrels/packages/barrels/src/SourceModule.ts",
      "isExternal": false,
      "moduleResolution": "bundler",
      "tsconfigPath": "/Users/michael/Development/barrels/packages/barrels/tsconfig.json",
    },
  },
  {
    "alias": "",
    "dirPath": "/Users/michael/Development/barrels/packages/barrels/src",
    "extName": "ts",
    "isType": false,
    "module": {
      "allowImportingTsExtensions": undefined,
      "dirPath": "/Users/michael/Development/barrels/packages/barrels/src",
      "extName": "ts",
      "fileName": "defineConfig",
      "filePath": "/Users/michael/Development/barrels/packages/barrels/src/defineConfig.ts",
      "isExternal": false,
      "moduleResolution": "bundler",
      "tsconfigPath": "/Users/michael/Development/barrels/packages/barrels/tsconfig.json",
    },
  },
  {
    "alias": "",
    "dirPath": "/Users/michael/Development/barrels/packages/barrels/src",
    "extName": "ts",
    "isType": false,
    "module": {
      "allowImportingTsExtensions": undefined,
      "dirPath": "/Users/michael/Development/barrels/packages/barrels/src",
      "extName": "ts",
      "fileName": "index",
      "filePath": "/Users/michael/Development/barrels/packages/barrels/src/index.ts",
      "isExternal": false,
      "moduleResolution": "bundler",
      "tsconfigPath": "/Users/michael/Development/barrels/packages/barrels/tsconfig.json",
    },
  },
  {
    "alias": "",
    "dirPath": "/Users/michael/Development/barrels/packages/barrels/src",
    "extName": "ts",
    "isType": false,
    "module": {
      "allowImportingTsExtensions": undefined,
      "dirPath": "/Users/michael/Development/barrels/packages/barrels/src",
      "extName": "ts",
      "fileName": "types",
      "filePath": "/Users/michael/Development/barrels/packages/barrels/src/types.ts",
      "isExternal": false,
      "moduleResolution": "bundler",
      "tsconfigPath": "/Users/michael/Development/barrels/packages/barrels/tsconfig.json",
    },
  },
]
`;
